Your branch is ahead of 'origin/main' by 2 commits.
  (use "git push" to publish your local commits)

nothing to commit, working tree clean
ℹ️  Nothing new to commit

Pushing to GitHub...
Username for 'https://github.com': ^C
bigidrise@Idrises-iMac my-perfect-meals-clean-ai % # Switch to SSH (no password needed if you have SSH keys set up)
git remote set-url origin git@github.com:bigidrise/my-perfect-meals-clean-ai.git

# Now push
git push origin main
zsh: unknown sort specifier
zsh: command not found: #
Please type 'yes', 'no' or the fingerprint: shed.
ED25519 key fingerprint is SHA256:+DiY3wvvV6TuJJhbpZisF/zLDA0zPMSvHdkr4UvCOqU.
This key is not known by any other names.
Are you sure you want to continue connecting (yes/no/[fingerprint])? 
Please type 'yes', 'no' or the fingerprint: y
Please type 'yes', 'no' or the fingerprint: y
Please type 'yes', 'no' or the fingerprint: yes
Warning: Permanently added 'github.com' (ED25519) to the list of known hosts.
git@github.com: Permission denied (publickey).
fatal: Could not read from remote repository.

Please make sure you have the correct access rights
and the repository exists.
bigidrise@Idrises-iMac my-perfect-meals-clean-ai % git remote set-url origin https://github.com/bigidrise/my-perfect-meals-clean-ai.git
bigidrise@Idrises-iMac my-perfect-meals-clean-ai % git push origin main
Username for 'https://github.com': bigidrise
Password for 'https://bigidrise@github.com': 
remote: Invalid username or token. Password authentication is not supported for Git operations.
fatal: Authentication failed for 'https://github.com/bigidrise/my-perfect-meals-clean-ai.git/'
bigidrise@Idrises-iMac my-perfect-meals-clean-ai % git push origin main
Username for 'https://github.com': bigidrise
Password for 'https://bigidrise@github.com': 
To https://github.com/bigidrise/my-perfect-meals-clean-ai.git
 ! [rejected]        main -> main (fetch first)
error: failed to push some refs to 'https://github.com/bigidrise/my-perfect-meals-clean-ai.git'
hint: Updates were rejected because the remote contains work that you do not
hint: have locally. This is usually caused by another repository pushing to
hint: the same ref. If you want to integrate the remote changes, use
hint: 'git pull' before pushing again.
hint: See the 'Note about fast-forwards' in 'git push --help' for details.
bigidrise@Idrises-iMac my-perfect-meals-clean-ai % git pull origin main --rebase
remote: Enumerating objects: 125, done.
remote: Counting objects: 100% (125/125), done.
remote: Compressing objects: 100% (21/21), done.
remote: Total 103 (delta 83), reused 101 (delta 81), pack-reused 0 (from 0)
Receiving objects: 100% (103/103), 37.62 KiB | 6.27 MiB/s, done.
Resolving deltas: 100% (83/83), completed with 19 local objects.
From https://github.com/bigidrise/my-perfect-meals-clean-ai
 * branch            main       -> FETCH_HEAD
   d0881e3..1c5b100  main       -> origin/main
Auto-merging client/src/main.tsx
CONFLICT (content): Merge conflict in client/src/main.tsx
error: could not apply 5a1413a... Merge with OpenAI fix, keep local splash images
hint: Resolve all conflicts manually, mark them as resolved with
hint: "git add/rm <conflicted_files>", then run "git rebase --continue".
hint: You can instead skip this commit: run "git rebase --skip".
hint: To abort and get back to the state before "git rebase", run "git rebase --abort".
hint: Disable this message with "git config set advice.mergeConflict false"
Could not apply 5a1413a... # Merge with OpenAI fix, keep local splash images
bigidrise@Idrises-iMac my-perfect-meals-clean-ai % git push origin main
To https://github.com/bigidrise/my-perfect-meals-clean-ai.git
 ! [rejected]        main -> main (non-fast-forward)
error: failed to push some refs to 'https://github.com/bigidrise/my-perfect-meals-clean-ai.git'
hint: Updates were rejected because a pushed branch tip is behind its remote
hint: counterpart. If you want to integrate the remote changes, use 'git pull'
hint: before pushing again.
hint: See the 'Note about fast-forwards' in 'git push --help' for details.
bigidrise@Idrises-iMac my-perfect-meals-clean-ai % 
