Last login: Thu Jan  8 11:00:37 on console
bigidrise@Idrises-iMac ~ % cd my-perfect-meals-production-do-not-touch
npm run build
cd: no such file or directory: my-perfect-meals-production-do-not-touch
npm error code ENOENT
npm error syscall open
npm error path /Users/bigidrise/package.json
npm error errno -2
npm error enoent Could not read package.json: Error: ENOENT: no such file or directory, open '/Users/bigidrise/package.json'
npm error enoent This is related to npm not being able to find a file.
npm error enoent
npm error A complete log of this run can be found in: /Users/bigidrise/.npm/_logs/2026-01-09T02_38_10_701Z-debug-0.log
bigidrise@Idrises-iMac ~ % npx cap sync ios
npm error could not determine executable to run
npm error A complete log of this run can be found in: /Users/bigidrise/.npm/_logs/2026-01-09T02_38_48_209Z-debug-0.log
bigidrise@Idrises-iMac ~ % npx cap open ios
npm error could not determine executable to run
npm error A complete log of this run can be found in: /Users/bigidrise/.npm/_logs/2026-01-09T02_39_08_222Z-debug-0.log
bigidrise@Idrises-iMac ~ % cd ~/Documents/my-perfect-meals
# or
cd ~/Desktop/my-perfect-meals
# or wherever you saved it
cd: no such file or directory: /Users/bigidrise/Documents/my-perfect-meals
zsh: command not found: #
cd: no such file or directory: /Users/bigidrise/Desktop/my-perfect-meals
zsh: command not found: #
bigidrise@Idrises-iMac ~ % find ~ -name "capacitor.config.ts" -type f 2>/dev/null
/Users/bigidrise/Projects/my-perfect-meals-clean-ai/capacitor.config.ts
/Users/bigidrise/Desktop/MPM_MERGE_CLEAN/my-perfect-meals-clean-ai/my-perfect-meals-production-do-not-touch/capacitor.config.ts
/Users/bigidrise/Desktop/MPM_MERGE_CLEAN/my-perfect-meals-clean-ai/capacitor.config.ts
/Users/bigidrise/Desktop/ARCHIVE_OLD_MPM_DO_NOT_USE/my-perfect-meals-production1/capacitor.config.ts
/Users/bigidrise/Desktop/ARCHIVE_OLD_MPM_DO_NOT_USE/my-perfect-meals-production/capacitor.config.ts

/Users/bigidrise/Desktop/ARCHIVE_OLD_MPM_DO_NOT_USE/my-perfect-meals-staging/capacitor.config.ts
/Users/bigidrise/Desktop/ARCHIVE_OLD_MPM_DO_NOT_USE/capacitor.config.ts
/Users/bigidrise/Desktop/MPM_PRODUCTION_FRESH/my-perfect-meals-clean-ai/my-perfect-meals-production-do-not-touch/capacitor.config.ts
^C
bigidrise@Idrises-iMac ~ % cd /Users/bigidrise/Projects/my-perfect-meals-clean-ai
bigidrise@Idrises-iMac my-perfect-meals-clean-ai % 
