
up to date in 1s
iosbuild@Idrises-iMac App % npx cap sync ios
[error] ios platform has not been added yet.
        See the docs for adding the ios platform:
        https://capacitorjs.com/docs/ios#adding-the-ios-platform
iosbuild@Idrises-iMac App % cd /Users/iosbuild/my-perfect-meals-clean-ai
iosbuild@Idrises-iMac my-perfect-meals-clean-ai % npm install
npx cap sync ios
cd ios/App && pod install
npm warn EBADENGINE Unsupported engine {
npm warn EBADENGINE   package: 'rest-express@1.0.0',
npm warn EBADENGINE   required: { node: '20.19.3' },
npm warn EBADENGINE   current: { node: 'v20.19.6', npm: '10.8.2' }
npm warn EBADENGINE }

up to date in 1s
✔ Copying web assets from dist to ios/App/App/public in 69.54ms
✔ Creating capacitor.config.json in ios/App/App in 1.52ms
✔ copy ios in 135.97ms
✔ Updating iOS plugins in 13.38ms
✔ Updating iOS native dependencies with pod install in 4.82s
[info] Found 7 Capacitor plugins for ios:
       @capacitor/geolocation@8.0.0
       @capacitor/local-notifications@8.0.0
       @capacitor/preferences@8.0.0
       @capacitor/share@8.0.0
       @capacitor/splash-screen@8.0.0
       @squareetlabs/capacitor-subscriptions@1.0.25
       capacitor-native-settings@7.0.2
✔ update ios in 4.91s
[info] Sync finished in 5.506s
Analyzing dependencies
Downloading dependencies
Generating Pods project
Integrating client project
Pod installation complete! There are 9 dependencies from the Podfile and 10 total pods installed.
iosbuild@Idrises-iMac App % npm install @capacitor/camera
npm warn EBADENGINE Unsupported engine {
npm warn EBADENGINE   package: 'rest-express@1.0.0',
npm warn EBADENGINE   required: { node: '20.19.3' },
npm warn EBADENGINE   current: { node: 'v20.19.6', npm: '10.8.2' }
npm warn EBADENGINE }

added 1 package in 2s
iosbuild@Idrises-iMac App % npx cap sync ios
[error] ios platform has not been added yet.
        See the docs for adding the ios platform:
        https://capacitorjs.com/docs/ios#adding-the-ios-platform
iosbuild@Idrises-iMac App % 
